[2025-07-30T20:40:12.606+0000] {processor.py:161} INFO - Started process (PID=25) to work on /opt/airflow/dags/movie_pipeline_dag.py
[2025-07-30T20:40:12.608+0000] {processor.py:830} INFO - Processing file /opt/airflow/dags/movie_pipeline_dag.py for tasks to queue
[2025-07-30T20:40:12.609+0000] {logging_mixin.py:188} INFO - [2025-07-30T20:40:12.608+0000] {dagbag.py:538} INFO - Filling up the DagBag from /opt/airflow/dags/movie_pipeline_dag.py
[2025-07-30T20:40:12.665+0000] {logging_mixin.py:188} INFO - [2025-07-30T20:40:12.664+0000] {dagbag.py:348} ERROR - Failed to import: /opt/airflow/dags/movie_pipeline_dag.py
Traceback (most recent call last):
  File "/home/airflow/.local/lib/python3.10/site-packages/airflow/models/dagbag.py", line 344, in parse
    loader.exec_module(new_module)
  File "<frozen importlib._bootstrap_external>", line 883, in exec_module
  File "<frozen importlib._bootstrap>", line 241, in _call_with_frames_removed
  File "/opt/airflow/dags/movie_pipeline_dag.py", line 58, in <module>
    **os.environ # Pass existing environment variables
NameError: name 'os' is not defined
[2025-07-30T20:40:12.666+0000] {processor.py:842} WARNING - No viable dags retrieved from /opt/airflow/dags/movie_pipeline_dag.py
[2025-07-30T20:40:12.710+0000] {processor.py:183} INFO - Processing /opt/airflow/dags/movie_pipeline_dag.py took 0.116 seconds
[2025-07-30T20:40:43.150+0000] {processor.py:161} INFO - Started process (PID=26) to work on /opt/airflow/dags/movie_pipeline_dag.py
[2025-07-30T20:40:43.155+0000] {processor.py:830} INFO - Processing file /opt/airflow/dags/movie_pipeline_dag.py for tasks to queue
[2025-07-30T20:40:43.157+0000] {logging_mixin.py:188} INFO - [2025-07-30T20:40:43.156+0000] {dagbag.py:538} INFO - Filling up the DagBag from /opt/airflow/dags/movie_pipeline_dag.py
[2025-07-30T20:40:43.180+0000] {logging_mixin.py:188} INFO - [2025-07-30T20:40:43.179+0000] {dagbag.py:348} ERROR - Failed to import: /opt/airflow/dags/movie_pipeline_dag.py
Traceback (most recent call last):
  File "/home/airflow/.local/lib/python3.10/site-packages/airflow/models/dagbag.py", line 344, in parse
    loader.exec_module(new_module)
  File "<frozen importlib._bootstrap_external>", line 883, in exec_module
  File "<frozen importlib._bootstrap>", line 241, in _call_with_frames_removed
  File "/opt/airflow/dags/movie_pipeline_dag.py", line 58, in <module>
    **os.environ # Pass existing environment variables
NameError: name 'os' is not defined
[2025-07-30T20:40:43.181+0000] {processor.py:842} WARNING - No viable dags retrieved from /opt/airflow/dags/movie_pipeline_dag.py
[2025-07-30T20:40:43.217+0000] {processor.py:183} INFO - Processing /opt/airflow/dags/movie_pipeline_dag.py took 0.077 seconds
[2025-07-30T20:41:13.625+0000] {processor.py:161} INFO - Started process (PID=27) to work on /opt/airflow/dags/movie_pipeline_dag.py
[2025-07-30T20:41:13.627+0000] {processor.py:830} INFO - Processing file /opt/airflow/dags/movie_pipeline_dag.py for tasks to queue
[2025-07-30T20:41:13.628+0000] {logging_mixin.py:188} INFO - [2025-07-30T20:41:13.628+0000] {dagbag.py:538} INFO - Filling up the DagBag from /opt/airflow/dags/movie_pipeline_dag.py
[2025-07-30T20:41:13.643+0000] {logging_mixin.py:188} INFO - [2025-07-30T20:41:13.642+0000] {dagbag.py:348} ERROR - Failed to import: /opt/airflow/dags/movie_pipeline_dag.py
Traceback (most recent call last):
  File "/home/airflow/.local/lib/python3.10/site-packages/airflow/models/dagbag.py", line 344, in parse
    loader.exec_module(new_module)
  File "<frozen importlib._bootstrap_external>", line 883, in exec_module
  File "<frozen importlib._bootstrap>", line 241, in _call_with_frames_removed
  File "/opt/airflow/dags/movie_pipeline_dag.py", line 58, in <module>
    **os.environ # Pass existing environment variables
NameError: name 'os' is not defined
[2025-07-30T20:41:13.643+0000] {processor.py:842} WARNING - No viable dags retrieved from /opt/airflow/dags/movie_pipeline_dag.py
[2025-07-30T20:41:13.673+0000] {processor.py:183} INFO - Processing /opt/airflow/dags/movie_pipeline_dag.py took 0.053 seconds
[2025-07-30T20:41:44.104+0000] {processor.py:161} INFO - Started process (PID=28) to work on /opt/airflow/dags/movie_pipeline_dag.py
[2025-07-30T20:41:44.107+0000] {processor.py:830} INFO - Processing file /opt/airflow/dags/movie_pipeline_dag.py for tasks to queue
[2025-07-30T20:41:44.109+0000] {logging_mixin.py:188} INFO - [2025-07-30T20:41:44.108+0000] {dagbag.py:538} INFO - Filling up the DagBag from /opt/airflow/dags/movie_pipeline_dag.py
[2025-07-30T20:41:44.128+0000] {logging_mixin.py:188} INFO - [2025-07-30T20:41:44.127+0000] {dagbag.py:348} ERROR - Failed to import: /opt/airflow/dags/movie_pipeline_dag.py
Traceback (most recent call last):
  File "/home/airflow/.local/lib/python3.10/site-packages/airflow/models/dagbag.py", line 344, in parse
    loader.exec_module(new_module)
  File "<frozen importlib._bootstrap_external>", line 883, in exec_module
  File "<frozen importlib._bootstrap>", line 241, in _call_with_frames_removed
  File "/opt/airflow/dags/movie_pipeline_dag.py", line 58, in <module>
    **os.environ # Pass existing environment variables
NameError: name 'os' is not defined
[2025-07-30T20:41:44.129+0000] {processor.py:842} WARNING - No viable dags retrieved from /opt/airflow/dags/movie_pipeline_dag.py
[2025-07-30T20:41:44.160+0000] {processor.py:183} INFO - Processing /opt/airflow/dags/movie_pipeline_dag.py took 0.060 seconds
[2025-07-30T20:42:14.553+0000] {processor.py:161} INFO - Started process (PID=29) to work on /opt/airflow/dags/movie_pipeline_dag.py
[2025-07-30T20:42:14.555+0000] {processor.py:830} INFO - Processing file /opt/airflow/dags/movie_pipeline_dag.py for tasks to queue
[2025-07-30T20:42:14.556+0000] {logging_mixin.py:188} INFO - [2025-07-30T20:42:14.556+0000] {dagbag.py:538} INFO - Filling up the DagBag from /opt/airflow/dags/movie_pipeline_dag.py
[2025-07-30T20:42:14.569+0000] {logging_mixin.py:188} INFO - [2025-07-30T20:42:14.568+0000] {dagbag.py:348} ERROR - Failed to import: /opt/airflow/dags/movie_pipeline_dag.py
Traceback (most recent call last):
  File "/home/airflow/.local/lib/python3.10/site-packages/airflow/models/dagbag.py", line 344, in parse
    loader.exec_module(new_module)
  File "<frozen importlib._bootstrap_external>", line 883, in exec_module
  File "<frozen importlib._bootstrap>", line 241, in _call_with_frames_removed
  File "/opt/airflow/dags/movie_pipeline_dag.py", line 58, in <module>
    **os.environ # Pass existing environment variables
NameError: name 'os' is not defined
[2025-07-30T20:42:14.569+0000] {processor.py:842} WARNING - No viable dags retrieved from /opt/airflow/dags/movie_pipeline_dag.py
[2025-07-30T20:42:14.596+0000] {processor.py:183} INFO - Processing /opt/airflow/dags/movie_pipeline_dag.py took 0.048 seconds
[2025-07-30T20:42:45.074+0000] {processor.py:161} INFO - Started process (PID=30) to work on /opt/airflow/dags/movie_pipeline_dag.py
[2025-07-30T20:42:45.077+0000] {processor.py:830} INFO - Processing file /opt/airflow/dags/movie_pipeline_dag.py for tasks to queue
[2025-07-30T20:42:45.079+0000] {logging_mixin.py:188} INFO - [2025-07-30T20:42:45.079+0000] {dagbag.py:538} INFO - Filling up the DagBag from /opt/airflow/dags/movie_pipeline_dag.py
[2025-07-30T20:42:45.096+0000] {logging_mixin.py:188} INFO - [2025-07-30T20:42:45.094+0000] {dagbag.py:348} ERROR - Failed to import: /opt/airflow/dags/movie_pipeline_dag.py
Traceback (most recent call last):
  File "/home/airflow/.local/lib/python3.10/site-packages/airflow/models/dagbag.py", line 344, in parse
    loader.exec_module(new_module)
  File "<frozen importlib._bootstrap_external>", line 883, in exec_module
  File "<frozen importlib._bootstrap>", line 241, in _call_with_frames_removed
  File "/opt/airflow/dags/movie_pipeline_dag.py", line 58, in <module>
    **os.environ # Pass existing environment variables
NameError: name 'os' is not defined
[2025-07-30T20:42:45.096+0000] {processor.py:842} WARNING - No viable dags retrieved from /opt/airflow/dags/movie_pipeline_dag.py
[2025-07-30T20:42:45.122+0000] {processor.py:183} INFO - Processing /opt/airflow/dags/movie_pipeline_dag.py took 0.053 seconds
[2025-07-30T20:43:15.554+0000] {processor.py:161} INFO - Started process (PID=31) to work on /opt/airflow/dags/movie_pipeline_dag.py
[2025-07-30T20:43:15.558+0000] {processor.py:830} INFO - Processing file /opt/airflow/dags/movie_pipeline_dag.py for tasks to queue
[2025-07-30T20:43:15.559+0000] {logging_mixin.py:188} INFO - [2025-07-30T20:43:15.558+0000] {dagbag.py:538} INFO - Filling up the DagBag from /opt/airflow/dags/movie_pipeline_dag.py
[2025-07-30T20:43:15.574+0000] {logging_mixin.py:188} INFO - [2025-07-30T20:43:15.573+0000] {dagbag.py:348} ERROR - Failed to import: /opt/airflow/dags/movie_pipeline_dag.py
Traceback (most recent call last):
  File "/home/airflow/.local/lib/python3.10/site-packages/airflow/models/dagbag.py", line 344, in parse
    loader.exec_module(new_module)
  File "<frozen importlib._bootstrap_external>", line 883, in exec_module
  File "<frozen importlib._bootstrap>", line 241, in _call_with_frames_removed
  File "/opt/airflow/dags/movie_pipeline_dag.py", line 58, in <module>
    **os.environ # Pass existing environment variables
NameError: name 'os' is not defined
[2025-07-30T20:43:15.574+0000] {processor.py:842} WARNING - No viable dags retrieved from /opt/airflow/dags/movie_pipeline_dag.py
[2025-07-30T20:43:15.601+0000] {processor.py:183} INFO - Processing /opt/airflow/dags/movie_pipeline_dag.py took 0.052 seconds
[2025-07-30T20:43:46.018+0000] {processor.py:161} INFO - Started process (PID=32) to work on /opt/airflow/dags/movie_pipeline_dag.py
[2025-07-30T20:43:46.020+0000] {processor.py:830} INFO - Processing file /opt/airflow/dags/movie_pipeline_dag.py for tasks to queue
[2025-07-30T20:43:46.021+0000] {logging_mixin.py:188} INFO - [2025-07-30T20:43:46.020+0000] {dagbag.py:538} INFO - Filling up the DagBag from /opt/airflow/dags/movie_pipeline_dag.py
[2025-07-30T20:43:46.035+0000] {logging_mixin.py:188} INFO - [2025-07-30T20:43:46.034+0000] {dagbag.py:348} ERROR - Failed to import: /opt/airflow/dags/movie_pipeline_dag.py
Traceback (most recent call last):
  File "/home/airflow/.local/lib/python3.10/site-packages/airflow/models/dagbag.py", line 344, in parse
    loader.exec_module(new_module)
  File "<frozen importlib._bootstrap_external>", line 883, in exec_module
  File "<frozen importlib._bootstrap>", line 241, in _call_with_frames_removed
  File "/opt/airflow/dags/movie_pipeline_dag.py", line 58, in <module>
    **os.environ # Pass existing environment variables
NameError: name 'os' is not defined
[2025-07-30T20:43:46.035+0000] {processor.py:842} WARNING - No viable dags retrieved from /opt/airflow/dags/movie_pipeline_dag.py
[2025-07-30T20:43:46.061+0000] {processor.py:183} INFO - Processing /opt/airflow/dags/movie_pipeline_dag.py took 0.051 seconds
[2025-07-30T20:44:16.511+0000] {processor.py:161} INFO - Started process (PID=33) to work on /opt/airflow/dags/movie_pipeline_dag.py
[2025-07-30T20:44:16.513+0000] {processor.py:830} INFO - Processing file /opt/airflow/dags/movie_pipeline_dag.py for tasks to queue
[2025-07-30T20:44:16.514+0000] {logging_mixin.py:188} INFO - [2025-07-30T20:44:16.513+0000] {dagbag.py:538} INFO - Filling up the DagBag from /opt/airflow/dags/movie_pipeline_dag.py
[2025-07-30T20:44:16.523+0000] {logging_mixin.py:188} INFO - [2025-07-30T20:44:16.522+0000] {dagbag.py:348} ERROR - Failed to import: /opt/airflow/dags/movie_pipeline_dag.py
Traceback (most recent call last):
  File "/home/airflow/.local/lib/python3.10/site-packages/airflow/models/dagbag.py", line 344, in parse
    loader.exec_module(new_module)
  File "<frozen importlib._bootstrap_external>", line 883, in exec_module
  File "<frozen importlib._bootstrap>", line 241, in _call_with_frames_removed
  File "/opt/airflow/dags/movie_pipeline_dag.py", line 58, in <module>
    **os.environ # Pass existing environment variables
NameError: name 'os' is not defined
[2025-07-30T20:44:16.523+0000] {processor.py:842} WARNING - No viable dags retrieved from /opt/airflow/dags/movie_pipeline_dag.py
[2025-07-30T20:44:16.545+0000] {processor.py:183} INFO - Processing /opt/airflow/dags/movie_pipeline_dag.py took 0.038 seconds
[2025-07-30T20:44:46.973+0000] {processor.py:161} INFO - Started process (PID=34) to work on /opt/airflow/dags/movie_pipeline_dag.py
[2025-07-30T20:44:46.975+0000] {processor.py:830} INFO - Processing file /opt/airflow/dags/movie_pipeline_dag.py for tasks to queue
[2025-07-30T20:44:46.976+0000] {logging_mixin.py:188} INFO - [2025-07-30T20:44:46.975+0000] {dagbag.py:538} INFO - Filling up the DagBag from /opt/airflow/dags/movie_pipeline_dag.py
[2025-07-30T20:44:46.986+0000] {logging_mixin.py:188} INFO - [2025-07-30T20:44:46.986+0000] {dagbag.py:348} ERROR - Failed to import: /opt/airflow/dags/movie_pipeline_dag.py
Traceback (most recent call last):
  File "/home/airflow/.local/lib/python3.10/site-packages/airflow/models/dagbag.py", line 344, in parse
    loader.exec_module(new_module)
  File "<frozen importlib._bootstrap_external>", line 883, in exec_module
  File "<frozen importlib._bootstrap>", line 241, in _call_with_frames_removed
  File "/opt/airflow/dags/movie_pipeline_dag.py", line 58, in <module>
    **os.environ # Pass existing environment variables
NameError: name 'os' is not defined
[2025-07-30T20:44:46.987+0000] {processor.py:842} WARNING - No viable dags retrieved from /opt/airflow/dags/movie_pipeline_dag.py
[2025-07-30T20:44:47.011+0000] {processor.py:183} INFO - Processing /opt/airflow/dags/movie_pipeline_dag.py took 0.042 seconds
[2025-07-30T20:45:17.449+0000] {processor.py:161} INFO - Started process (PID=35) to work on /opt/airflow/dags/movie_pipeline_dag.py
[2025-07-30T20:45:17.453+0000] {processor.py:830} INFO - Processing file /opt/airflow/dags/movie_pipeline_dag.py for tasks to queue
[2025-07-30T20:45:17.454+0000] {logging_mixin.py:188} INFO - [2025-07-30T20:45:17.453+0000] {dagbag.py:538} INFO - Filling up the DagBag from /opt/airflow/dags/movie_pipeline_dag.py
[2025-07-30T20:45:17.466+0000] {logging_mixin.py:188} INFO - [2025-07-30T20:45:17.465+0000] {dagbag.py:348} ERROR - Failed to import: /opt/airflow/dags/movie_pipeline_dag.py
Traceback (most recent call last):
  File "/home/airflow/.local/lib/python3.10/site-packages/airflow/models/dagbag.py", line 344, in parse
    loader.exec_module(new_module)
  File "<frozen importlib._bootstrap_external>", line 883, in exec_module
  File "<frozen importlib._bootstrap>", line 241, in _call_with_frames_removed
  File "/opt/airflow/dags/movie_pipeline_dag.py", line 58, in <module>
    **os.environ # Pass existing environment variables
NameError: name 'os' is not defined
[2025-07-30T20:45:17.466+0000] {processor.py:842} WARNING - No viable dags retrieved from /opt/airflow/dags/movie_pipeline_dag.py
[2025-07-30T20:45:17.492+0000] {processor.py:183} INFO - Processing /opt/airflow/dags/movie_pipeline_dag.py took 0.045 seconds
[2025-07-30T20:45:47.907+0000] {processor.py:161} INFO - Started process (PID=36) to work on /opt/airflow/dags/movie_pipeline_dag.py
[2025-07-30T20:45:47.909+0000] {processor.py:830} INFO - Processing file /opt/airflow/dags/movie_pipeline_dag.py for tasks to queue
[2025-07-30T20:45:47.910+0000] {logging_mixin.py:188} INFO - [2025-07-30T20:45:47.910+0000] {dagbag.py:538} INFO - Filling up the DagBag from /opt/airflow/dags/movie_pipeline_dag.py
[2025-07-30T20:45:47.921+0000] {logging_mixin.py:188} INFO - [2025-07-30T20:45:47.920+0000] {dagbag.py:348} ERROR - Failed to import: /opt/airflow/dags/movie_pipeline_dag.py
Traceback (most recent call last):
  File "/home/airflow/.local/lib/python3.10/site-packages/airflow/models/dagbag.py", line 344, in parse
    loader.exec_module(new_module)
  File "<frozen importlib._bootstrap_external>", line 883, in exec_module
  File "<frozen importlib._bootstrap>", line 241, in _call_with_frames_removed
  File "/opt/airflow/dags/movie_pipeline_dag.py", line 58, in <module>
    **os.environ # Pass existing environment variables
NameError: name 'os' is not defined
[2025-07-30T20:45:47.921+0000] {processor.py:842} WARNING - No viable dags retrieved from /opt/airflow/dags/movie_pipeline_dag.py
[2025-07-30T20:45:47.944+0000] {processor.py:183} INFO - Processing /opt/airflow/dags/movie_pipeline_dag.py took 0.042 seconds
[2025-07-30T20:46:18.392+0000] {processor.py:161} INFO - Started process (PID=37) to work on /opt/airflow/dags/movie_pipeline_dag.py
[2025-07-30T20:46:18.395+0000] {processor.py:830} INFO - Processing file /opt/airflow/dags/movie_pipeline_dag.py for tasks to queue
[2025-07-30T20:46:18.396+0000] {logging_mixin.py:188} INFO - [2025-07-30T20:46:18.396+0000] {dagbag.py:538} INFO - Filling up the DagBag from /opt/airflow/dags/movie_pipeline_dag.py
[2025-07-30T20:46:18.413+0000] {logging_mixin.py:188} INFO - [2025-07-30T20:46:18.412+0000] {dagbag.py:348} ERROR - Failed to import: /opt/airflow/dags/movie_pipeline_dag.py
Traceback (most recent call last):
  File "/home/airflow/.local/lib/python3.10/site-packages/airflow/models/dagbag.py", line 344, in parse
    loader.exec_module(new_module)
  File "<frozen importlib._bootstrap_external>", line 883, in exec_module
  File "<frozen importlib._bootstrap>", line 241, in _call_with_frames_removed
  File "/opt/airflow/dags/movie_pipeline_dag.py", line 58, in <module>
    **os.environ # Pass existing environment variables
NameError: name 'os' is not defined
[2025-07-30T20:46:18.413+0000] {processor.py:842} WARNING - No viable dags retrieved from /opt/airflow/dags/movie_pipeline_dag.py
[2025-07-30T20:46:18.447+0000] {processor.py:183} INFO - Processing /opt/airflow/dags/movie_pipeline_dag.py took 0.060 seconds
[2025-07-30T20:46:48.886+0000] {processor.py:161} INFO - Started process (PID=38) to work on /opt/airflow/dags/movie_pipeline_dag.py
[2025-07-30T20:46:48.890+0000] {processor.py:830} INFO - Processing file /opt/airflow/dags/movie_pipeline_dag.py for tasks to queue
[2025-07-30T20:46:48.894+0000] {logging_mixin.py:188} INFO - [2025-07-30T20:46:48.893+0000] {dagbag.py:538} INFO - Filling up the DagBag from /opt/airflow/dags/movie_pipeline_dag.py
[2025-07-30T20:46:48.917+0000] {logging_mixin.py:188} INFO - [2025-07-30T20:46:48.916+0000] {dagbag.py:348} ERROR - Failed to import: /opt/airflow/dags/movie_pipeline_dag.py
Traceback (most recent call last):
  File "/home/airflow/.local/lib/python3.10/site-packages/airflow/models/dagbag.py", line 344, in parse
    loader.exec_module(new_module)
  File "<frozen importlib._bootstrap_external>", line 883, in exec_module
  File "<frozen importlib._bootstrap>", line 241, in _call_with_frames_removed
  File "/opt/airflow/dags/movie_pipeline_dag.py", line 58, in <module>
    **os.environ # Pass existing environment variables
NameError: name 'os' is not defined
[2025-07-30T20:46:48.918+0000] {processor.py:842} WARNING - No viable dags retrieved from /opt/airflow/dags/movie_pipeline_dag.py
[2025-07-30T20:46:48.956+0000] {processor.py:183} INFO - Processing /opt/airflow/dags/movie_pipeline_dag.py took 0.091 seconds
[2025-07-30T20:47:19.345+0000] {processor.py:161} INFO - Started process (PID=39) to work on /opt/airflow/dags/movie_pipeline_dag.py
[2025-07-30T20:47:19.347+0000] {processor.py:830} INFO - Processing file /opt/airflow/dags/movie_pipeline_dag.py for tasks to queue
[2025-07-30T20:47:19.348+0000] {logging_mixin.py:188} INFO - [2025-07-30T20:47:19.347+0000] {dagbag.py:538} INFO - Filling up the DagBag from /opt/airflow/dags/movie_pipeline_dag.py
[2025-07-30T20:47:19.366+0000] {logging_mixin.py:188} INFO - [2025-07-30T20:47:19.364+0000] {dagbag.py:348} ERROR - Failed to import: /opt/airflow/dags/movie_pipeline_dag.py
Traceback (most recent call last):
  File "/home/airflow/.local/lib/python3.10/site-packages/airflow/models/dagbag.py", line 344, in parse
    loader.exec_module(new_module)
  File "<frozen importlib._bootstrap_external>", line 883, in exec_module
  File "<frozen importlib._bootstrap>", line 241, in _call_with_frames_removed
  File "/opt/airflow/dags/movie_pipeline_dag.py", line 58, in <module>
    **os.environ # Pass existing environment variables
NameError: name 'os' is not defined
[2025-07-30T20:47:19.366+0000] {processor.py:842} WARNING - No viable dags retrieved from /opt/airflow/dags/movie_pipeline_dag.py
[2025-07-30T20:47:19.397+0000] {processor.py:183} INFO - Processing /opt/airflow/dags/movie_pipeline_dag.py took 0.057 seconds
[2025-07-30T20:47:49.877+0000] {processor.py:161} INFO - Started process (PID=40) to work on /opt/airflow/dags/movie_pipeline_dag.py
[2025-07-30T20:47:49.879+0000] {processor.py:830} INFO - Processing file /opt/airflow/dags/movie_pipeline_dag.py for tasks to queue
[2025-07-30T20:47:49.880+0000] {logging_mixin.py:188} INFO - [2025-07-30T20:47:49.879+0000] {dagbag.py:538} INFO - Filling up the DagBag from /opt/airflow/dags/movie_pipeline_dag.py
[2025-07-30T20:47:49.893+0000] {logging_mixin.py:188} INFO - [2025-07-30T20:47:49.892+0000] {dagbag.py:348} ERROR - Failed to import: /opt/airflow/dags/movie_pipeline_dag.py
Traceback (most recent call last):
  File "/home/airflow/.local/lib/python3.10/site-packages/airflow/models/dagbag.py", line 344, in parse
    loader.exec_module(new_module)
  File "<frozen importlib._bootstrap_external>", line 883, in exec_module
  File "<frozen importlib._bootstrap>", line 241, in _call_with_frames_removed
  File "/opt/airflow/dags/movie_pipeline_dag.py", line 58, in <module>
    **os.environ # Pass existing environment variables
NameError: name 'os' is not defined
[2025-07-30T20:47:49.893+0000] {processor.py:842} WARNING - No viable dags retrieved from /opt/airflow/dags/movie_pipeline_dag.py
[2025-07-30T20:47:49.921+0000] {processor.py:183} INFO - Processing /opt/airflow/dags/movie_pipeline_dag.py took 0.052 seconds
[2025-07-30T20:48:20.398+0000] {processor.py:161} INFO - Started process (PID=41) to work on /opt/airflow/dags/movie_pipeline_dag.py
[2025-07-30T20:48:20.399+0000] {processor.py:830} INFO - Processing file /opt/airflow/dags/movie_pipeline_dag.py for tasks to queue
[2025-07-30T20:48:20.400+0000] {logging_mixin.py:188} INFO - [2025-07-30T20:48:20.400+0000] {dagbag.py:538} INFO - Filling up the DagBag from /opt/airflow/dags/movie_pipeline_dag.py
[2025-07-30T20:48:20.413+0000] {logging_mixin.py:188} INFO - [2025-07-30T20:48:20.413+0000] {dagbag.py:348} ERROR - Failed to import: /opt/airflow/dags/movie_pipeline_dag.py
Traceback (most recent call last):
  File "/home/airflow/.local/lib/python3.10/site-packages/airflow/models/dagbag.py", line 344, in parse
    loader.exec_module(new_module)
  File "<frozen importlib._bootstrap_external>", line 883, in exec_module
  File "<frozen importlib._bootstrap>", line 241, in _call_with_frames_removed
  File "/opt/airflow/dags/movie_pipeline_dag.py", line 58, in <module>
    **os.environ # Pass existing environment variables
NameError: name 'os' is not defined
[2025-07-30T20:48:20.414+0000] {processor.py:842} WARNING - No viable dags retrieved from /opt/airflow/dags/movie_pipeline_dag.py
[2025-07-30T20:48:20.435+0000] {processor.py:183} INFO - Processing /opt/airflow/dags/movie_pipeline_dag.py took 0.042 seconds
[2025-07-30T20:48:50.902+0000] {processor.py:161} INFO - Started process (PID=42) to work on /opt/airflow/dags/movie_pipeline_dag.py
[2025-07-30T20:48:50.905+0000] {processor.py:830} INFO - Processing file /opt/airflow/dags/movie_pipeline_dag.py for tasks to queue
[2025-07-30T20:48:50.906+0000] {logging_mixin.py:188} INFO - [2025-07-30T20:48:50.906+0000] {dagbag.py:538} INFO - Filling up the DagBag from /opt/airflow/dags/movie_pipeline_dag.py
[2025-07-30T20:48:50.918+0000] {logging_mixin.py:188} INFO - [2025-07-30T20:48:50.917+0000] {dagbag.py:348} ERROR - Failed to import: /opt/airflow/dags/movie_pipeline_dag.py
Traceback (most recent call last):
  File "/home/airflow/.local/lib/python3.10/site-packages/airflow/models/dagbag.py", line 344, in parse
    loader.exec_module(new_module)
  File "<frozen importlib._bootstrap_external>", line 883, in exec_module
  File "<frozen importlib._bootstrap>", line 241, in _call_with_frames_removed
  File "/opt/airflow/dags/movie_pipeline_dag.py", line 58, in <module>
    **os.environ # Pass existing environment variables
NameError: name 'os' is not defined
[2025-07-30T20:48:50.919+0000] {processor.py:842} WARNING - No viable dags retrieved from /opt/airflow/dags/movie_pipeline_dag.py
[2025-07-30T20:48:50.943+0000] {processor.py:183} INFO - Processing /opt/airflow/dags/movie_pipeline_dag.py took 0.045 seconds
[2025-07-30T20:49:21.387+0000] {processor.py:161} INFO - Started process (PID=43) to work on /opt/airflow/dags/movie_pipeline_dag.py
[2025-07-30T20:49:21.389+0000] {processor.py:830} INFO - Processing file /opt/airflow/dags/movie_pipeline_dag.py for tasks to queue
[2025-07-30T20:49:21.390+0000] {logging_mixin.py:188} INFO - [2025-07-30T20:49:21.390+0000] {dagbag.py:538} INFO - Filling up the DagBag from /opt/airflow/dags/movie_pipeline_dag.py
[2025-07-30T20:49:21.402+0000] {logging_mixin.py:188} INFO - [2025-07-30T20:49:21.401+0000] {dagbag.py:348} ERROR - Failed to import: /opt/airflow/dags/movie_pipeline_dag.py
Traceback (most recent call last):
  File "/home/airflow/.local/lib/python3.10/site-packages/airflow/models/dagbag.py", line 344, in parse
    loader.exec_module(new_module)
  File "<frozen importlib._bootstrap_external>", line 883, in exec_module
  File "<frozen importlib._bootstrap>", line 241, in _call_with_frames_removed
  File "/opt/airflow/dags/movie_pipeline_dag.py", line 58, in <module>
    **os.environ # Pass existing environment variables
NameError: name 'os' is not defined
[2025-07-30T20:49:21.402+0000] {processor.py:842} WARNING - No viable dags retrieved from /opt/airflow/dags/movie_pipeline_dag.py
[2025-07-30T20:49:21.424+0000] {processor.py:183} INFO - Processing /opt/airflow/dags/movie_pipeline_dag.py took 0.043 seconds
[2025-07-30T20:49:51.882+0000] {processor.py:161} INFO - Started process (PID=44) to work on /opt/airflow/dags/movie_pipeline_dag.py
[2025-07-30T20:49:51.885+0000] {processor.py:830} INFO - Processing file /opt/airflow/dags/movie_pipeline_dag.py for tasks to queue
[2025-07-30T20:49:51.886+0000] {logging_mixin.py:188} INFO - [2025-07-30T20:49:51.886+0000] {dagbag.py:538} INFO - Filling up the DagBag from /opt/airflow/dags/movie_pipeline_dag.py
[2025-07-30T20:49:51.904+0000] {logging_mixin.py:188} INFO - [2025-07-30T20:49:51.903+0000] {dagbag.py:348} ERROR - Failed to import: /opt/airflow/dags/movie_pipeline_dag.py
Traceback (most recent call last):
  File "/home/airflow/.local/lib/python3.10/site-packages/airflow/models/dagbag.py", line 344, in parse
    loader.exec_module(new_module)
  File "<frozen importlib._bootstrap_external>", line 883, in exec_module
  File "<frozen importlib._bootstrap>", line 241, in _call_with_frames_removed
  File "/opt/airflow/dags/movie_pipeline_dag.py", line 58, in <module>
    **os.environ # Pass existing environment variables
NameError: name 'os' is not defined
[2025-07-30T20:49:51.905+0000] {processor.py:842} WARNING - No viable dags retrieved from /opt/airflow/dags/movie_pipeline_dag.py
[2025-07-30T20:49:51.936+0000] {processor.py:183} INFO - Processing /opt/airflow/dags/movie_pipeline_dag.py took 0.059 seconds
[2025-07-30T20:50:22.366+0000] {processor.py:161} INFO - Started process (PID=45) to work on /opt/airflow/dags/movie_pipeline_dag.py
[2025-07-30T20:50:22.369+0000] {processor.py:830} INFO - Processing file /opt/airflow/dags/movie_pipeline_dag.py for tasks to queue
[2025-07-30T20:50:22.370+0000] {logging_mixin.py:188} INFO - [2025-07-30T20:50:22.370+0000] {dagbag.py:538} INFO - Filling up the DagBag from /opt/airflow/dags/movie_pipeline_dag.py
[2025-07-30T20:50:22.384+0000] {logging_mixin.py:188} INFO - [2025-07-30T20:50:22.383+0000] {dagbag.py:348} ERROR - Failed to import: /opt/airflow/dags/movie_pipeline_dag.py
Traceback (most recent call last):
  File "/home/airflow/.local/lib/python3.10/site-packages/airflow/models/dagbag.py", line 344, in parse
    loader.exec_module(new_module)
  File "<frozen importlib._bootstrap_external>", line 883, in exec_module
  File "<frozen importlib._bootstrap>", line 241, in _call_with_frames_removed
  File "/opt/airflow/dags/movie_pipeline_dag.py", line 58, in <module>
    **os.environ # Pass existing environment variables
NameError: name 'os' is not defined
[2025-07-30T20:50:22.384+0000] {processor.py:842} WARNING - No viable dags retrieved from /opt/airflow/dags/movie_pipeline_dag.py
[2025-07-30T20:50:22.410+0000] {processor.py:183} INFO - Processing /opt/airflow/dags/movie_pipeline_dag.py took 0.051 seconds
[2025-07-30T20:50:52.846+0000] {processor.py:161} INFO - Started process (PID=46) to work on /opt/airflow/dags/movie_pipeline_dag.py
[2025-07-30T20:50:52.850+0000] {processor.py:830} INFO - Processing file /opt/airflow/dags/movie_pipeline_dag.py for tasks to queue
[2025-07-30T20:50:52.852+0000] {logging_mixin.py:188} INFO - [2025-07-30T20:50:52.851+0000] {dagbag.py:538} INFO - Filling up the DagBag from /opt/airflow/dags/movie_pipeline_dag.py
[2025-07-30T20:50:52.872+0000] {logging_mixin.py:188} INFO - [2025-07-30T20:50:52.871+0000] {dagbag.py:348} ERROR - Failed to import: /opt/airflow/dags/movie_pipeline_dag.py
Traceback (most recent call last):
  File "/home/airflow/.local/lib/python3.10/site-packages/airflow/models/dagbag.py", line 344, in parse
    loader.exec_module(new_module)
  File "<frozen importlib._bootstrap_external>", line 883, in exec_module
  File "<frozen importlib._bootstrap>", line 241, in _call_with_frames_removed
  File "/opt/airflow/dags/movie_pipeline_dag.py", line 58, in <module>
    **os.environ # Pass existing environment variables
NameError: name 'os' is not defined
[2025-07-30T20:50:52.873+0000] {processor.py:842} WARNING - No viable dags retrieved from /opt/airflow/dags/movie_pipeline_dag.py
[2025-07-30T20:50:52.933+0000] {processor.py:183} INFO - Processing /opt/airflow/dags/movie_pipeline_dag.py took 0.094 seconds
[2025-07-30T20:51:23.351+0000] {processor.py:161} INFO - Started process (PID=47) to work on /opt/airflow/dags/movie_pipeline_dag.py
[2025-07-30T20:51:23.353+0000] {processor.py:830} INFO - Processing file /opt/airflow/dags/movie_pipeline_dag.py for tasks to queue
[2025-07-30T20:51:23.354+0000] {logging_mixin.py:188} INFO - [2025-07-30T20:51:23.354+0000] {dagbag.py:538} INFO - Filling up the DagBag from /opt/airflow/dags/movie_pipeline_dag.py
[2025-07-30T20:51:23.365+0000] {logging_mixin.py:188} INFO - [2025-07-30T20:51:23.364+0000] {dagbag.py:348} ERROR - Failed to import: /opt/airflow/dags/movie_pipeline_dag.py
Traceback (most recent call last):
  File "/home/airflow/.local/lib/python3.10/site-packages/airflow/models/dagbag.py", line 344, in parse
    loader.exec_module(new_module)
  File "<frozen importlib._bootstrap_external>", line 883, in exec_module
  File "<frozen importlib._bootstrap>", line 241, in _call_with_frames_removed
  File "/opt/airflow/dags/movie_pipeline_dag.py", line 58, in <module>
    **os.environ # Pass existing environment variables
NameError: name 'os' is not defined
[2025-07-30T20:51:23.365+0000] {processor.py:842} WARNING - No viable dags retrieved from /opt/airflow/dags/movie_pipeline_dag.py
[2025-07-30T20:51:23.397+0000] {processor.py:183} INFO - Processing /opt/airflow/dags/movie_pipeline_dag.py took 0.050 seconds
[2025-07-30T20:51:53.845+0000] {processor.py:161} INFO - Started process (PID=48) to work on /opt/airflow/dags/movie_pipeline_dag.py
[2025-07-30T20:51:53.848+0000] {processor.py:830} INFO - Processing file /opt/airflow/dags/movie_pipeline_dag.py for tasks to queue
[2025-07-30T20:51:53.849+0000] {logging_mixin.py:188} INFO - [2025-07-30T20:51:53.848+0000] {dagbag.py:538} INFO - Filling up the DagBag from /opt/airflow/dags/movie_pipeline_dag.py
[2025-07-30T20:51:53.859+0000] {logging_mixin.py:188} INFO - [2025-07-30T20:51:53.859+0000] {dagbag.py:348} ERROR - Failed to import: /opt/airflow/dags/movie_pipeline_dag.py
Traceback (most recent call last):
  File "/home/airflow/.local/lib/python3.10/site-packages/airflow/models/dagbag.py", line 344, in parse
    loader.exec_module(new_module)
  File "<frozen importlib._bootstrap_external>", line 883, in exec_module
  File "<frozen importlib._bootstrap>", line 241, in _call_with_frames_removed
  File "/opt/airflow/dags/movie_pipeline_dag.py", line 58, in <module>
    **os.environ # Pass existing environment variables
NameError: name 'os' is not defined
[2025-07-30T20:51:53.860+0000] {processor.py:842} WARNING - No viable dags retrieved from /opt/airflow/dags/movie_pipeline_dag.py
[2025-07-30T20:51:53.883+0000] {processor.py:183} INFO - Processing /opt/airflow/dags/movie_pipeline_dag.py took 0.042 seconds
[2025-07-30T20:52:24.306+0000] {processor.py:161} INFO - Started process (PID=49) to work on /opt/airflow/dags/movie_pipeline_dag.py
[2025-07-30T20:52:24.308+0000] {processor.py:830} INFO - Processing file /opt/airflow/dags/movie_pipeline_dag.py for tasks to queue
[2025-07-30T20:52:24.309+0000] {logging_mixin.py:188} INFO - [2025-07-30T20:52:24.308+0000] {dagbag.py:538} INFO - Filling up the DagBag from /opt/airflow/dags/movie_pipeline_dag.py
[2025-07-30T20:52:24.321+0000] {logging_mixin.py:188} INFO - [2025-07-30T20:52:24.320+0000] {dagbag.py:348} ERROR - Failed to import: /opt/airflow/dags/movie_pipeline_dag.py
Traceback (most recent call last):
  File "/home/airflow/.local/lib/python3.10/site-packages/airflow/models/dagbag.py", line 344, in parse
    loader.exec_module(new_module)
  File "<frozen importlib._bootstrap_external>", line 883, in exec_module
  File "<frozen importlib._bootstrap>", line 241, in _call_with_frames_removed
  File "/opt/airflow/dags/movie_pipeline_dag.py", line 58, in <module>
    **os.environ # Pass existing environment variables
NameError: name 'os' is not defined
[2025-07-30T20:52:24.322+0000] {processor.py:842} WARNING - No viable dags retrieved from /opt/airflow/dags/movie_pipeline_dag.py
[2025-07-30T20:52:24.356+0000] {processor.py:183} INFO - Processing /opt/airflow/dags/movie_pipeline_dag.py took 0.053 seconds
[2025-07-30T20:52:54.764+0000] {processor.py:161} INFO - Started process (PID=50) to work on /opt/airflow/dags/movie_pipeline_dag.py
[2025-07-30T20:52:54.766+0000] {processor.py:830} INFO - Processing file /opt/airflow/dags/movie_pipeline_dag.py for tasks to queue
[2025-07-30T20:52:54.767+0000] {logging_mixin.py:188} INFO - [2025-07-30T20:52:54.767+0000] {dagbag.py:538} INFO - Filling up the DagBag from /opt/airflow/dags/movie_pipeline_dag.py
[2025-07-30T20:52:54.779+0000] {logging_mixin.py:188} INFO - [2025-07-30T20:52:54.778+0000] {dagbag.py:348} ERROR - Failed to import: /opt/airflow/dags/movie_pipeline_dag.py
Traceback (most recent call last):
  File "/home/airflow/.local/lib/python3.10/site-packages/airflow/models/dagbag.py", line 344, in parse
    loader.exec_module(new_module)
  File "<frozen importlib._bootstrap_external>", line 883, in exec_module
  File "<frozen importlib._bootstrap>", line 241, in _call_with_frames_removed
  File "/opt/airflow/dags/movie_pipeline_dag.py", line 58, in <module>
    **os.environ # Pass existing environment variables
NameError: name 'os' is not defined
[2025-07-30T20:52:54.780+0000] {processor.py:842} WARNING - No viable dags retrieved from /opt/airflow/dags/movie_pipeline_dag.py
[2025-07-30T20:52:54.805+0000] {processor.py:183} INFO - Processing /opt/airflow/dags/movie_pipeline_dag.py took 0.045 seconds
[2025-07-30T20:53:25.277+0000] {processor.py:161} INFO - Started process (PID=51) to work on /opt/airflow/dags/movie_pipeline_dag.py
[2025-07-30T20:53:25.280+0000] {processor.py:830} INFO - Processing file /opt/airflow/dags/movie_pipeline_dag.py for tasks to queue
[2025-07-30T20:53:25.281+0000] {logging_mixin.py:188} INFO - [2025-07-30T20:53:25.281+0000] {dagbag.py:538} INFO - Filling up the DagBag from /opt/airflow/dags/movie_pipeline_dag.py
[2025-07-30T20:53:25.292+0000] {logging_mixin.py:188} INFO - [2025-07-30T20:53:25.292+0000] {dagbag.py:348} ERROR - Failed to import: /opt/airflow/dags/movie_pipeline_dag.py
Traceback (most recent call last):
  File "/home/airflow/.local/lib/python3.10/site-packages/airflow/models/dagbag.py", line 344, in parse
    loader.exec_module(new_module)
  File "<frozen importlib._bootstrap_external>", line 883, in exec_module
  File "<frozen importlib._bootstrap>", line 241, in _call_with_frames_removed
  File "/opt/airflow/dags/movie_pipeline_dag.py", line 58, in <module>
    **os.environ # Pass existing environment variables
NameError: name 'os' is not defined
[2025-07-30T20:53:25.293+0000] {processor.py:842} WARNING - No viable dags retrieved from /opt/airflow/dags/movie_pipeline_dag.py
[2025-07-30T20:53:25.317+0000] {processor.py:183} INFO - Processing /opt/airflow/dags/movie_pipeline_dag.py took 0.044 seconds
[2025-07-30T20:53:55.756+0000] {processor.py:161} INFO - Started process (PID=52) to work on /opt/airflow/dags/movie_pipeline_dag.py
[2025-07-30T20:53:55.759+0000] {processor.py:830} INFO - Processing file /opt/airflow/dags/movie_pipeline_dag.py for tasks to queue
[2025-07-30T20:53:55.760+0000] {logging_mixin.py:188} INFO - [2025-07-30T20:53:55.760+0000] {dagbag.py:538} INFO - Filling up the DagBag from /opt/airflow/dags/movie_pipeline_dag.py
[2025-07-30T20:53:55.771+0000] {logging_mixin.py:188} INFO - [2025-07-30T20:53:55.770+0000] {dagbag.py:348} ERROR - Failed to import: /opt/airflow/dags/movie_pipeline_dag.py
Traceback (most recent call last):
  File "/home/airflow/.local/lib/python3.10/site-packages/airflow/models/dagbag.py", line 344, in parse
    loader.exec_module(new_module)
  File "<frozen importlib._bootstrap_external>", line 883, in exec_module
  File "<frozen importlib._bootstrap>", line 241, in _call_with_frames_removed
  File "/opt/airflow/dags/movie_pipeline_dag.py", line 58, in <module>
    **os.environ # Pass existing environment variables
NameError: name 'os' is not defined
[2025-07-30T20:53:55.771+0000] {processor.py:842} WARNING - No viable dags retrieved from /opt/airflow/dags/movie_pipeline_dag.py
[2025-07-30T20:53:55.798+0000] {processor.py:183} INFO - Processing /opt/airflow/dags/movie_pipeline_dag.py took 0.046 seconds
[2025-07-30T20:54:26.203+0000] {processor.py:161} INFO - Started process (PID=53) to work on /opt/airflow/dags/movie_pipeline_dag.py
[2025-07-30T20:54:26.205+0000] {processor.py:830} INFO - Processing file /opt/airflow/dags/movie_pipeline_dag.py for tasks to queue
[2025-07-30T20:54:26.206+0000] {logging_mixin.py:188} INFO - [2025-07-30T20:54:26.206+0000] {dagbag.py:538} INFO - Filling up the DagBag from /opt/airflow/dags/movie_pipeline_dag.py
[2025-07-30T20:54:26.217+0000] {logging_mixin.py:188} INFO - [2025-07-30T20:54:26.217+0000] {dagbag.py:348} ERROR - Failed to import: /opt/airflow/dags/movie_pipeline_dag.py
Traceback (most recent call last):
  File "/home/airflow/.local/lib/python3.10/site-packages/airflow/models/dagbag.py", line 344, in parse
    loader.exec_module(new_module)
  File "<frozen importlib._bootstrap_external>", line 883, in exec_module
  File "<frozen importlib._bootstrap>", line 241, in _call_with_frames_removed
  File "/opt/airflow/dags/movie_pipeline_dag.py", line 58, in <module>
    **os.environ # Pass existing environment variables
NameError: name 'os' is not defined
[2025-07-30T20:54:26.218+0000] {processor.py:842} WARNING - No viable dags retrieved from /opt/airflow/dags/movie_pipeline_dag.py
[2025-07-30T20:54:26.242+0000] {processor.py:183} INFO - Processing /opt/airflow/dags/movie_pipeline_dag.py took 0.042 seconds
[2025-07-30T20:54:56.650+0000] {processor.py:161} INFO - Started process (PID=54) to work on /opt/airflow/dags/movie_pipeline_dag.py
[2025-07-30T20:54:56.653+0000] {processor.py:830} INFO - Processing file /opt/airflow/dags/movie_pipeline_dag.py for tasks to queue
[2025-07-30T20:54:56.654+0000] {logging_mixin.py:188} INFO - [2025-07-30T20:54:56.654+0000] {dagbag.py:538} INFO - Filling up the DagBag from /opt/airflow/dags/movie_pipeline_dag.py
[2025-07-30T20:54:56.670+0000] {logging_mixin.py:188} INFO - [2025-07-30T20:54:56.669+0000] {dagbag.py:348} ERROR - Failed to import: /opt/airflow/dags/movie_pipeline_dag.py
Traceback (most recent call last):
  File "/home/airflow/.local/lib/python3.10/site-packages/airflow/models/dagbag.py", line 344, in parse
    loader.exec_module(new_module)
  File "<frozen importlib._bootstrap_external>", line 883, in exec_module
  File "<frozen importlib._bootstrap>", line 241, in _call_with_frames_removed
  File "/opt/airflow/dags/movie_pipeline_dag.py", line 58, in <module>
    **os.environ # Pass existing environment variables
NameError: name 'os' is not defined
[2025-07-30T20:54:56.671+0000] {processor.py:842} WARNING - No viable dags retrieved from /opt/airflow/dags/movie_pipeline_dag.py
[2025-07-30T20:54:56.705+0000] {processor.py:183} INFO - Processing /opt/airflow/dags/movie_pipeline_dag.py took 0.060 seconds
[2025-07-30T20:55:26.824+0000] {processor.py:161} INFO - Started process (PID=55) to work on /opt/airflow/dags/movie_pipeline_dag.py
[2025-07-30T20:55:26.827+0000] {processor.py:830} INFO - Processing file /opt/airflow/dags/movie_pipeline_dag.py for tasks to queue
[2025-07-30T20:55:26.829+0000] {logging_mixin.py:188} INFO - [2025-07-30T20:55:26.829+0000] {dagbag.py:538} INFO - Filling up the DagBag from /opt/airflow/dags/movie_pipeline_dag.py
[2025-07-30T20:55:26.843+0000] {logging_mixin.py:188} INFO - [2025-07-30T20:55:26.842+0000] {dagbag.py:348} ERROR - Failed to import: /opt/airflow/dags/movie_pipeline_dag.py
Traceback (most recent call last):
  File "/home/airflow/.local/lib/python3.10/site-packages/airflow/models/dagbag.py", line 344, in parse
    loader.exec_module(new_module)
  File "<frozen importlib._bootstrap_external>", line 883, in exec_module
  File "<frozen importlib._bootstrap>", line 241, in _call_with_frames_removed
  File "/opt/airflow/dags/movie_pipeline_dag.py", line 58, in <module>
    **os.environ # Pass existing environment variables
NameError: name 'os' is not defined
[2025-07-30T20:55:26.844+0000] {processor.py:842} WARNING - No viable dags retrieved from /opt/airflow/dags/movie_pipeline_dag.py
[2025-07-30T20:55:26.871+0000] {processor.py:183} INFO - Processing /opt/airflow/dags/movie_pipeline_dag.py took 0.052 seconds
[2025-07-30T20:55:57.344+0000] {processor.py:161} INFO - Started process (PID=56) to work on /opt/airflow/dags/movie_pipeline_dag.py
[2025-07-30T20:55:57.345+0000] {processor.py:830} INFO - Processing file /opt/airflow/dags/movie_pipeline_dag.py for tasks to queue
[2025-07-30T20:55:57.346+0000] {logging_mixin.py:188} INFO - [2025-07-30T20:55:57.346+0000] {dagbag.py:538} INFO - Filling up the DagBag from /opt/airflow/dags/movie_pipeline_dag.py
[2025-07-30T20:55:57.360+0000] {logging_mixin.py:188} INFO - [2025-07-30T20:55:57.359+0000] {dagbag.py:348} ERROR - Failed to import: /opt/airflow/dags/movie_pipeline_dag.py
Traceback (most recent call last):
  File "/home/airflow/.local/lib/python3.10/site-packages/airflow/models/dagbag.py", line 344, in parse
    loader.exec_module(new_module)
  File "<frozen importlib._bootstrap_external>", line 883, in exec_module
  File "<frozen importlib._bootstrap>", line 241, in _call_with_frames_removed
  File "/opt/airflow/dags/movie_pipeline_dag.py", line 58, in <module>
    **os.environ # Pass existing environment variables
NameError: name 'os' is not defined
[2025-07-30T20:55:57.361+0000] {processor.py:842} WARNING - No viable dags retrieved from /opt/airflow/dags/movie_pipeline_dag.py
[2025-07-30T20:55:57.388+0000] {processor.py:183} INFO - Processing /opt/airflow/dags/movie_pipeline_dag.py took 0.050 seconds
[2025-07-30T20:56:27.858+0000] {processor.py:161} INFO - Started process (PID=57) to work on /opt/airflow/dags/movie_pipeline_dag.py
[2025-07-30T20:56:27.862+0000] {processor.py:830} INFO - Processing file /opt/airflow/dags/movie_pipeline_dag.py for tasks to queue
[2025-07-30T20:56:27.864+0000] {logging_mixin.py:188} INFO - [2025-07-30T20:56:27.863+0000] {dagbag.py:538} INFO - Filling up the DagBag from /opt/airflow/dags/movie_pipeline_dag.py
[2025-07-30T20:56:27.884+0000] {logging_mixin.py:188} INFO - [2025-07-30T20:56:27.883+0000] {dagbag.py:348} ERROR - Failed to import: /opt/airflow/dags/movie_pipeline_dag.py
Traceback (most recent call last):
  File "/home/airflow/.local/lib/python3.10/site-packages/airflow/models/dagbag.py", line 344, in parse
    loader.exec_module(new_module)
  File "<frozen importlib._bootstrap_external>", line 883, in exec_module
  File "<frozen importlib._bootstrap>", line 241, in _call_with_frames_removed
  File "/opt/airflow/dags/movie_pipeline_dag.py", line 58, in <module>
    **os.environ # Pass existing environment variables
NameError: name 'os' is not defined
[2025-07-30T20:56:27.885+0000] {processor.py:842} WARNING - No viable dags retrieved from /opt/airflow/dags/movie_pipeline_dag.py
[2025-07-30T20:56:27.931+0000] {processor.py:183} INFO - Processing /opt/airflow/dags/movie_pipeline_dag.py took 0.079 seconds
[2025-07-30T20:56:58.373+0000] {processor.py:161} INFO - Started process (PID=58) to work on /opt/airflow/dags/movie_pipeline_dag.py
[2025-07-30T20:56:58.376+0000] {processor.py:830} INFO - Processing file /opt/airflow/dags/movie_pipeline_dag.py for tasks to queue
[2025-07-30T20:56:58.378+0000] {logging_mixin.py:188} INFO - [2025-07-30T20:56:58.377+0000] {dagbag.py:538} INFO - Filling up the DagBag from /opt/airflow/dags/movie_pipeline_dag.py
[2025-07-30T20:56:58.389+0000] {logging_mixin.py:188} INFO - [2025-07-30T20:56:58.388+0000] {dagbag.py:348} ERROR - Failed to import: /opt/airflow/dags/movie_pipeline_dag.py
Traceback (most recent call last):
  File "/home/airflow/.local/lib/python3.10/site-packages/airflow/models/dagbag.py", line 344, in parse
    loader.exec_module(new_module)
  File "<frozen importlib._bootstrap_external>", line 883, in exec_module
  File "<frozen importlib._bootstrap>", line 241, in _call_with_frames_removed
  File "/opt/airflow/dags/movie_pipeline_dag.py", line 58, in <module>
    **os.environ # Pass existing environment variables
NameError: name 'os' is not defined
[2025-07-30T20:56:58.389+0000] {processor.py:842} WARNING - No viable dags retrieved from /opt/airflow/dags/movie_pipeline_dag.py
[2025-07-30T20:56:58.416+0000] {processor.py:183} INFO - Processing /opt/airflow/dags/movie_pipeline_dag.py took 0.046 seconds
[2025-07-30T20:57:28.911+0000] {processor.py:161} INFO - Started process (PID=59) to work on /opt/airflow/dags/movie_pipeline_dag.py
[2025-07-30T20:57:28.914+0000] {processor.py:830} INFO - Processing file /opt/airflow/dags/movie_pipeline_dag.py for tasks to queue
[2025-07-30T20:57:28.915+0000] {logging_mixin.py:188} INFO - [2025-07-30T20:57:28.914+0000] {dagbag.py:538} INFO - Filling up the DagBag from /opt/airflow/dags/movie_pipeline_dag.py
[2025-07-30T20:57:28.925+0000] {logging_mixin.py:188} INFO - [2025-07-30T20:57:28.924+0000] {dagbag.py:348} ERROR - Failed to import: /opt/airflow/dags/movie_pipeline_dag.py
Traceback (most recent call last):
  File "/home/airflow/.local/lib/python3.10/site-packages/airflow/models/dagbag.py", line 344, in parse
    loader.exec_module(new_module)
  File "<frozen importlib._bootstrap_external>", line 883, in exec_module
  File "<frozen importlib._bootstrap>", line 241, in _call_with_frames_removed
  File "/opt/airflow/dags/movie_pipeline_dag.py", line 58, in <module>
    **os.environ # Pass existing environment variables
NameError: name 'os' is not defined
[2025-07-30T20:57:28.926+0000] {processor.py:842} WARNING - No viable dags retrieved from /opt/airflow/dags/movie_pipeline_dag.py
[2025-07-30T20:57:28.950+0000] {processor.py:183} INFO - Processing /opt/airflow/dags/movie_pipeline_dag.py took 0.044 seconds
[2025-07-30T20:57:59.406+0000] {processor.py:161} INFO - Started process (PID=60) to work on /opt/airflow/dags/movie_pipeline_dag.py
[2025-07-30T20:57:59.408+0000] {processor.py:830} INFO - Processing file /opt/airflow/dags/movie_pipeline_dag.py for tasks to queue
[2025-07-30T20:57:59.410+0000] {logging_mixin.py:188} INFO - [2025-07-30T20:57:59.409+0000] {dagbag.py:538} INFO - Filling up the DagBag from /opt/airflow/dags/movie_pipeline_dag.py
[2025-07-30T20:57:59.420+0000] {logging_mixin.py:188} INFO - [2025-07-30T20:57:59.420+0000] {dagbag.py:348} ERROR - Failed to import: /opt/airflow/dags/movie_pipeline_dag.py
Traceback (most recent call last):
  File "/home/airflow/.local/lib/python3.10/site-packages/airflow/models/dagbag.py", line 344, in parse
    loader.exec_module(new_module)
  File "<frozen importlib._bootstrap_external>", line 883, in exec_module
  File "<frozen importlib._bootstrap>", line 241, in _call_with_frames_removed
  File "/opt/airflow/dags/movie_pipeline_dag.py", line 58, in <module>
    **os.environ # Pass existing environment variables
NameError: name 'os' is not defined
[2025-07-30T20:57:59.421+0000] {processor.py:842} WARNING - No viable dags retrieved from /opt/airflow/dags/movie_pipeline_dag.py
[2025-07-30T20:57:59.445+0000] {processor.py:183} INFO - Processing /opt/airflow/dags/movie_pipeline_dag.py took 0.043 seconds
[2025-07-30T20:58:29.879+0000] {processor.py:161} INFO - Started process (PID=61) to work on /opt/airflow/dags/movie_pipeline_dag.py
[2025-07-30T20:58:29.881+0000] {processor.py:830} INFO - Processing file /opt/airflow/dags/movie_pipeline_dag.py for tasks to queue
[2025-07-30T20:58:29.883+0000] {logging_mixin.py:188} INFO - [2025-07-30T20:58:29.882+0000] {dagbag.py:538} INFO - Filling up the DagBag from /opt/airflow/dags/movie_pipeline_dag.py
[2025-07-30T20:58:29.893+0000] {logging_mixin.py:188} INFO - [2025-07-30T20:58:29.893+0000] {dagbag.py:348} ERROR - Failed to import: /opt/airflow/dags/movie_pipeline_dag.py
Traceback (most recent call last):
  File "/home/airflow/.local/lib/python3.10/site-packages/airflow/models/dagbag.py", line 344, in parse
    loader.exec_module(new_module)
  File "<frozen importlib._bootstrap_external>", line 883, in exec_module
  File "<frozen importlib._bootstrap>", line 241, in _call_with_frames_removed
  File "/opt/airflow/dags/movie_pipeline_dag.py", line 58, in <module>
    **os.environ # Pass existing environment variables
NameError: name 'os' is not defined
[2025-07-30T20:58:29.894+0000] {processor.py:842} WARNING - No viable dags retrieved from /opt/airflow/dags/movie_pipeline_dag.py
[2025-07-30T20:58:29.917+0000] {processor.py:183} INFO - Processing /opt/airflow/dags/movie_pipeline_dag.py took 0.041 seconds
[2025-07-30T20:59:00.375+0000] {processor.py:161} INFO - Started process (PID=62) to work on /opt/airflow/dags/movie_pipeline_dag.py
[2025-07-30T20:59:00.379+0000] {processor.py:830} INFO - Processing file /opt/airflow/dags/movie_pipeline_dag.py for tasks to queue
[2025-07-30T20:59:00.380+0000] {logging_mixin.py:188} INFO - [2025-07-30T20:59:00.379+0000] {dagbag.py:538} INFO - Filling up the DagBag from /opt/airflow/dags/movie_pipeline_dag.py
[2025-07-30T20:59:00.394+0000] {logging_mixin.py:188} INFO - [2025-07-30T20:59:00.393+0000] {dagbag.py:348} ERROR - Failed to import: /opt/airflow/dags/movie_pipeline_dag.py
Traceback (most recent call last):
  File "/home/airflow/.local/lib/python3.10/site-packages/airflow/models/dagbag.py", line 344, in parse
    loader.exec_module(new_module)
  File "<frozen importlib._bootstrap_external>", line 883, in exec_module
  File "<frozen importlib._bootstrap>", line 241, in _call_with_frames_removed
  File "/opt/airflow/dags/movie_pipeline_dag.py", line 58, in <module>
    **os.environ # Pass existing environment variables
NameError: name 'os' is not defined
[2025-07-30T20:59:00.395+0000] {processor.py:842} WARNING - No viable dags retrieved from /opt/airflow/dags/movie_pipeline_dag.py
[2025-07-30T20:59:00.423+0000] {processor.py:183} INFO - Processing /opt/airflow/dags/movie_pipeline_dag.py took 0.054 seconds
[2025-07-30T20:59:30.867+0000] {processor.py:161} INFO - Started process (PID=63) to work on /opt/airflow/dags/movie_pipeline_dag.py
[2025-07-30T20:59:30.871+0000] {processor.py:830} INFO - Processing file /opt/airflow/dags/movie_pipeline_dag.py for tasks to queue
[2025-07-30T20:59:30.874+0000] {logging_mixin.py:188} INFO - [2025-07-30T20:59:30.873+0000] {dagbag.py:538} INFO - Filling up the DagBag from /opt/airflow/dags/movie_pipeline_dag.py
[2025-07-30T20:59:30.892+0000] {logging_mixin.py:188} INFO - [2025-07-30T20:59:30.890+0000] {dagbag.py:348} ERROR - Failed to import: /opt/airflow/dags/movie_pipeline_dag.py
Traceback (most recent call last):
  File "/home/airflow/.local/lib/python3.10/site-packages/airflow/models/dagbag.py", line 344, in parse
    loader.exec_module(new_module)
  File "<frozen importlib._bootstrap_external>", line 883, in exec_module
  File "<frozen importlib._bootstrap>", line 241, in _call_with_frames_removed
  File "/opt/airflow/dags/movie_pipeline_dag.py", line 58, in <module>
    **os.environ # Pass existing environment variables
NameError: name 'os' is not defined
[2025-07-30T20:59:30.892+0000] {processor.py:842} WARNING - No viable dags retrieved from /opt/airflow/dags/movie_pipeline_dag.py
[2025-07-30T20:59:30.925+0000] {processor.py:183} INFO - Processing /opt/airflow/dags/movie_pipeline_dag.py took 0.069 seconds
[2025-07-30T21:00:01.372+0000] {processor.py:161} INFO - Started process (PID=64) to work on /opt/airflow/dags/movie_pipeline_dag.py
[2025-07-30T21:00:01.374+0000] {processor.py:830} INFO - Processing file /opt/airflow/dags/movie_pipeline_dag.py for tasks to queue
[2025-07-30T21:00:01.376+0000] {logging_mixin.py:188} INFO - [2025-07-30T21:00:01.375+0000] {dagbag.py:538} INFO - Filling up the DagBag from /opt/airflow/dags/movie_pipeline_dag.py
[2025-07-30T21:00:01.387+0000] {logging_mixin.py:188} INFO - [2025-07-30T21:00:01.387+0000] {dagbag.py:348} ERROR - Failed to import: /opt/airflow/dags/movie_pipeline_dag.py
Traceback (most recent call last):
  File "/home/airflow/.local/lib/python3.10/site-packages/airflow/models/dagbag.py", line 344, in parse
    loader.exec_module(new_module)
  File "<frozen importlib._bootstrap_external>", line 883, in exec_module
  File "<frozen importlib._bootstrap>", line 241, in _call_with_frames_removed
  File "/opt/airflow/dags/movie_pipeline_dag.py", line 58, in <module>
    **os.environ # Pass existing environment variables
NameError: name 'os' is not defined
[2025-07-30T21:00:01.388+0000] {processor.py:842} WARNING - No viable dags retrieved from /opt/airflow/dags/movie_pipeline_dag.py
[2025-07-30T21:00:01.413+0000] {processor.py:183} INFO - Processing /opt/airflow/dags/movie_pipeline_dag.py took 0.046 seconds
