[2025-07-30T20:40:12.480+0000] {manager.py:469} INFO - Processing files using up to 2 processes at a time 
[2025-07-30T20:40:12.480+0000] {manager.py:470} INFO - Process each file at most once every 30 seconds
[2025-07-30T20:40:12.481+0000] {manager.py:471} INFO - Checking for new files in /opt/airflow/dags every 300 seconds
[2025-07-30T20:40:12.481+0000] {manager.py:738} INFO - Searching for files in /opt/airflow/dags
[2025-07-30T20:40:12.484+0000] {manager.py:741} INFO - There are 1 files in /opt/airflow/dags
[2025-07-30T20:40:12.670+0000] {manager.py:879} INFO - 
================================================================================
DAG File Processing Stats

File Path                                  PID  Runtime      # DAGs    # Errors  Last Runtime    Last Run
---------------------------------------  -----  ---------  --------  ----------  --------------  ----------
/opt/airflow/dags/movie_pipeline_dag.py     25  0.09s             0           0
================================================================================
[2025-07-30T20:40:42.112+0000] {manager.py:879} INFO - 
================================================================================
DAG File Processing Stats

File Path                                PID    Runtime      # DAGs    # Errors  Last Runtime    Last Run
---------------------------------------  -----  ---------  --------  ----------  --------------  -------------------
/opt/airflow/dags/movie_pipeline_dag.py                           0           1  0.15s           2025-07-30T20:40:12
================================================================================
[2025-07-30T20:41:11.594+0000] {manager.py:879} INFO - 
================================================================================
DAG File Processing Stats

File Path                                PID    Runtime      # DAGs    # Errors  Last Runtime    Last Run
---------------------------------------  -----  ---------  --------  ----------  --------------  -------------------
/opt/airflow/dags/movie_pipeline_dag.py                           0           1  0.10s           2025-07-30T20:40:43
================================================================================
[2025-07-30T20:41:41.068+0000] {manager.py:879} INFO - 
================================================================================
DAG File Processing Stats

File Path                                PID    Runtime      # DAGs    # Errors  Last Runtime    Last Run
---------------------------------------  -----  ---------  --------  ----------  --------------  -------------------
/opt/airflow/dags/movie_pipeline_dag.py                           0           1  0.07s           2025-07-30T20:41:13
================================================================================
[2025-07-30T20:42:10.514+0000] {manager.py:879} INFO - 
================================================================================
DAG File Processing Stats

File Path                                PID    Runtime      # DAGs    # Errors  Last Runtime    Last Run
---------------------------------------  -----  ---------  --------  ----------  --------------  -------------------
/opt/airflow/dags/movie_pipeline_dag.py                           0           1  0.08s           2025-07-30T20:41:44
================================================================================
[2025-07-30T20:42:40.021+0000] {manager.py:879} INFO - 
================================================================================
DAG File Processing Stats

File Path                                PID    Runtime      # DAGs    # Errors  Last Runtime    Last Run
---------------------------------------  -----  ---------  --------  ----------  --------------  -------------------
/opt/airflow/dags/movie_pipeline_dag.py                           0           1  0.07s           2025-07-30T20:42:14
================================================================================
[2025-07-30T20:43:09.503+0000] {manager.py:879} INFO - 
================================================================================
DAG File Processing Stats

File Path                                PID    Runtime      # DAGs    # Errors  Last Runtime    Last Run
---------------------------------------  -----  ---------  --------  ----------  --------------  -------------------
/opt/airflow/dags/movie_pipeline_dag.py                           0           1  0.07s           2025-07-30T20:42:45
================================================================================
[2025-07-30T20:43:38.963+0000] {manager.py:879} INFO - 
================================================================================
DAG File Processing Stats

File Path                                PID    Runtime      # DAGs    # Errors  Last Runtime    Last Run
---------------------------------------  -----  ---------  --------  ----------  --------------  -------------------
/opt/airflow/dags/movie_pipeline_dag.py                           0           1  0.07s           2025-07-30T20:43:15
================================================================================
[2025-07-30T20:44:08.457+0000] {manager.py:879} INFO - 
================================================================================
DAG File Processing Stats

File Path                                PID    Runtime      # DAGs    # Errors  Last Runtime    Last Run
---------------------------------------  -----  ---------  --------  ----------  --------------  -------------------
/opt/airflow/dags/movie_pipeline_dag.py                           0           1  0.07s           2025-07-30T20:43:46
================================================================================
[2025-07-30T20:44:37.921+0000] {manager.py:879} INFO - 
================================================================================
DAG File Processing Stats

File Path                                PID    Runtime      # DAGs    # Errors  Last Runtime    Last Run
---------------------------------------  -----  ---------  --------  ----------  --------------  -------------------
/opt/airflow/dags/movie_pipeline_dag.py                           0           1  0.05s           2025-07-30T20:44:16
================================================================================
[2025-07-30T20:45:07.370+0000] {manager.py:879} INFO - 
================================================================================
DAG File Processing Stats

File Path                                PID    Runtime      # DAGs    # Errors  Last Runtime    Last Run
---------------------------------------  -----  ---------  --------  ----------  --------------  -------------------
/opt/airflow/dags/movie_pipeline_dag.py                           0           1  0.06s           2025-07-30T20:44:47
================================================================================
[2025-07-30T20:45:13.402+0000] {manager.py:738} INFO - Searching for files in /opt/airflow/dags
[2025-07-30T20:45:13.404+0000] {manager.py:741} INFO - There are 1 files in /opt/airflow/dags
[2025-07-30T20:45:36.839+0000] {manager.py:879} INFO - 
================================================================================
DAG File Processing Stats

File Path                                PID    Runtime      # DAGs    # Errors  Last Runtime    Last Run
---------------------------------------  -----  ---------  --------  ----------  --------------  -------------------
/opt/airflow/dags/movie_pipeline_dag.py                           0           1  0.06s           2025-07-30T20:45:17
================================================================================
[2025-07-30T20:46:06.301+0000] {manager.py:879} INFO - 
================================================================================
DAG File Processing Stats

File Path                                PID    Runtime      # DAGs    # Errors  Last Runtime    Last Run
---------------------------------------  -----  ---------  --------  ----------  --------------  -------------------
/opt/airflow/dags/movie_pipeline_dag.py                           0           1  0.06s           2025-07-30T20:45:47
================================================================================
[2025-07-30T20:46:35.773+0000] {manager.py:879} INFO - 
================================================================================
DAG File Processing Stats

File Path                                PID    Runtime      # DAGs    # Errors  Last Runtime    Last Run
---------------------------------------  -----  ---------  --------  ----------  --------------  -------------------
/opt/airflow/dags/movie_pipeline_dag.py                           0           1  0.08s           2025-07-30T20:46:18
================================================================================
[2025-07-30T20:47:05.254+0000] {manager.py:879} INFO - 
================================================================================
DAG File Processing Stats

File Path                                PID    Runtime      # DAGs    # Errors  Last Runtime    Last Run
---------------------------------------  -----  ---------  --------  ----------  --------------  -------------------
/opt/airflow/dags/movie_pipeline_dag.py                           0           1  0.12s           2025-07-30T20:46:48
================================================================================
[2025-07-30T20:47:34.783+0000] {manager.py:879} INFO - 
================================================================================
DAG File Processing Stats

File Path                                PID    Runtime      # DAGs    # Errors  Last Runtime    Last Run
---------------------------------------  -----  ---------  --------  ----------  --------------  -------------------
/opt/airflow/dags/movie_pipeline_dag.py                           0           1  0.08s           2025-07-30T20:47:19
================================================================================
[2025-07-30T20:48:04.978+0000] {manager.py:879} INFO - 
================================================================================
DAG File Processing Stats

File Path                                PID    Runtime      # DAGs    # Errors  Last Runtime    Last Run
---------------------------------------  -----  ---------  --------  ----------  --------------  -------------------
/opt/airflow/dags/movie_pipeline_dag.py                           0           1  0.08s           2025-07-30T20:47:49
================================================================================
[2025-07-30T20:48:34.487+0000] {manager.py:879} INFO - 
================================================================================
DAG File Processing Stats

File Path                                PID    Runtime      # DAGs    # Errors  Last Runtime    Last Run
---------------------------------------  -----  ---------  --------  ----------  --------------  -------------------
/opt/airflow/dags/movie_pipeline_dag.py                           0           1  0.06s           2025-07-30T20:48:20
================================================================================
[2025-07-30T20:49:03.975+0000] {manager.py:879} INFO - 
================================================================================
DAG File Processing Stats

File Path                                PID    Runtime      # DAGs    # Errors  Last Runtime    Last Run
---------------------------------------  -----  ---------  --------  ----------  --------------  -------------------
/opt/airflow/dags/movie_pipeline_dag.py                           0           1  0.06s           2025-07-30T20:48:50
================================================================================
[2025-07-30T20:49:33.476+0000] {manager.py:879} INFO - 
================================================================================
DAG File Processing Stats

File Path                                PID    Runtime      # DAGs    # Errors  Last Runtime    Last Run
---------------------------------------  -----  ---------  --------  ----------  --------------  -------------------
/opt/airflow/dags/movie_pipeline_dag.py                           0           1  0.06s           2025-07-30T20:49:21
================================================================================
[2025-07-30T20:50:02.940+0000] {manager.py:879} INFO - 
================================================================================
DAG File Processing Stats

File Path                                PID    Runtime      # DAGs    # Errors  Last Runtime    Last Run
---------------------------------------  -----  ---------  --------  ----------  --------------  -------------------
/opt/airflow/dags/movie_pipeline_dag.py                           0           1  0.08s           2025-07-30T20:49:51
================================================================================
[2025-07-30T20:50:14.296+0000] {manager.py:738} INFO - Searching for files in /opt/airflow/dags
[2025-07-30T20:50:14.297+0000] {manager.py:741} INFO - There are 1 files in /opt/airflow/dags
[2025-07-30T20:50:32.436+0000] {manager.py:879} INFO - 
================================================================================
DAG File Processing Stats

File Path                                PID    Runtime      # DAGs    # Errors  Last Runtime    Last Run
---------------------------------------  -----  ---------  --------  ----------  --------------  -------------------
/opt/airflow/dags/movie_pipeline_dag.py                           0           1  0.07s           2025-07-30T20:50:22
================================================================================
[2025-07-30T20:51:01.916+0000] {manager.py:879} INFO - 
================================================================================
DAG File Processing Stats

File Path                                PID    Runtime      # DAGs    # Errors  Last Runtime    Last Run
---------------------------------------  -----  ---------  --------  ----------  --------------  -------------------
/opt/airflow/dags/movie_pipeline_dag.py                           0           1  0.12s           2025-07-30T20:50:52
================================================================================
[2025-07-30T20:51:31.416+0000] {manager.py:879} INFO - 
================================================================================
DAG File Processing Stats

File Path                                PID    Runtime      # DAGs    # Errors  Last Runtime    Last Run
---------------------------------------  -----  ---------  --------  ----------  --------------  -------------------
/opt/airflow/dags/movie_pipeline_dag.py                           0           1  0.07s           2025-07-30T20:51:23
================================================================================
[2025-07-30T20:52:00.877+0000] {manager.py:879} INFO - 
================================================================================
DAG File Processing Stats

File Path                                PID    Runtime      # DAGs    # Errors  Last Runtime    Last Run
---------------------------------------  -----  ---------  --------  ----------  --------------  -------------------
/opt/airflow/dags/movie_pipeline_dag.py                           0           1  0.06s           2025-07-30T20:51:53
================================================================================
[2025-07-30T20:52:30.334+0000] {manager.py:879} INFO - 
================================================================================
DAG File Processing Stats

File Path                                PID    Runtime      # DAGs    # Errors  Last Runtime    Last Run
---------------------------------------  -----  ---------  --------  ----------  --------------  -------------------
/opt/airflow/dags/movie_pipeline_dag.py                           0           1  0.07s           2025-07-30T20:52:24
================================================================================
[2025-07-30T20:52:59.824+0000] {manager.py:879} INFO - 
================================================================================
DAG File Processing Stats

File Path                                PID    Runtime      # DAGs    # Errors  Last Runtime    Last Run
---------------------------------------  -----  ---------  --------  ----------  --------------  -------------------
/opt/airflow/dags/movie_pipeline_dag.py                           0           1  0.06s           2025-07-30T20:52:54
================================================================================
[2025-07-30T20:53:29.300+0000] {manager.py:879} INFO - 
================================================================================
DAG File Processing Stats

File Path                                PID    Runtime      # DAGs    # Errors  Last Runtime    Last Run
---------------------------------------  -----  ---------  --------  ----------  --------------  -------------------
/opt/airflow/dags/movie_pipeline_dag.py                           0           1  0.07s           2025-07-30T20:53:25
================================================================================
[2025-07-30T20:53:58.765+0000] {manager.py:879} INFO - 
================================================================================
DAG File Processing Stats

File Path                                PID    Runtime      # DAGs    # Errors  Last Runtime    Last Run
---------------------------------------  -----  ---------  --------  ----------  --------------  -------------------
/opt/airflow/dags/movie_pipeline_dag.py                           0           1  0.08s           2025-07-30T20:53:55
================================================================================
[2025-07-30T20:54:28.225+0000] {manager.py:879} INFO - 
================================================================================
DAG File Processing Stats

File Path                                PID    Runtime      # DAGs    # Errors  Last Runtime    Last Run
---------------------------------------  -----  ---------  --------  ----------  --------------  -------------------
/opt/airflow/dags/movie_pipeline_dag.py                           0           1  0.06s           2025-07-30T20:54:26
================================================================================
[2025-07-30T20:54:57.655+0000] {manager.py:879} INFO - 
================================================================================
DAG File Processing Stats

File Path                                PID    Runtime      # DAGs    # Errors  Last Runtime    Last Run
---------------------------------------  -----  ---------  --------  ----------  --------------  -------------------
/opt/airflow/dags/movie_pipeline_dag.py                           0           1  0.08s           2025-07-30T20:54:56
================================================================================
[2025-07-30T20:55:14.741+0000] {manager.py:738} INFO - Searching for files in /opt/airflow/dags
[2025-07-30T20:55:14.742+0000] {manager.py:741} INFO - There are 1 files in /opt/airflow/dags
[2025-07-30T20:55:27.184+0000] {manager.py:879} INFO - 
================================================================================
DAG File Processing Stats

File Path                                PID    Runtime      # DAGs    # Errors  Last Runtime    Last Run
---------------------------------------  -----  ---------  --------  ----------  --------------  -------------------
/opt/airflow/dags/movie_pipeline_dag.py                           0           1  0.07s           2025-07-30T20:55:26
================================================================================
[2025-07-30T20:55:57.336+0000] {manager.py:879} INFO - 
================================================================================
DAG File Processing Stats

File Path                                  PID  Runtime      # DAGs    # Errors  Last Runtime    Last Run
---------------------------------------  -----  ---------  --------  ----------  --------------  -------------------
/opt/airflow/dags/movie_pipeline_dag.py     56  0.01s             0           1  0.07s           2025-07-30T20:55:26
================================================================================
[2025-07-30T20:56:26.831+0000] {manager.py:879} INFO - 
================================================================================
DAG File Processing Stats

File Path                                PID    Runtime      # DAGs    # Errors  Last Runtime    Last Run
---------------------------------------  -----  ---------  --------  ----------  --------------  -------------------
/opt/airflow/dags/movie_pipeline_dag.py                           0           1  0.07s           2025-07-30T20:55:57
================================================================================
[2025-07-30T20:56:56.350+0000] {manager.py:879} INFO - 
================================================================================
DAG File Processing Stats

File Path                                PID    Runtime      # DAGs    # Errors  Last Runtime    Last Run
---------------------------------------  -----  ---------  --------  ----------  --------------  -------------------
/opt/airflow/dags/movie_pipeline_dag.py                           0           1  0.11s           2025-07-30T20:56:27
================================================================================
[2025-07-30T20:57:25.878+0000] {manager.py:879} INFO - 
================================================================================
DAG File Processing Stats

File Path                                PID    Runtime      # DAGs    # Errors  Last Runtime    Last Run
---------------------------------------  -----  ---------  --------  ----------  --------------  -------------------
/opt/airflow/dags/movie_pipeline_dag.py                           0           1  0.06s           2025-07-30T20:56:58
================================================================================
[2025-07-30T20:57:55.371+0000] {manager.py:879} INFO - 
================================================================================
DAG File Processing Stats

File Path                                PID    Runtime      # DAGs    # Errors  Last Runtime    Last Run
---------------------------------------  -----  ---------  --------  ----------  --------------  -------------------
/opt/airflow/dags/movie_pipeline_dag.py                           0           1  0.06s           2025-07-30T20:57:28
================================================================================
[2025-07-30T20:58:24.844+0000] {manager.py:879} INFO - 
================================================================================
DAG File Processing Stats

File Path                                PID    Runtime      # DAGs    # Errors  Last Runtime    Last Run
---------------------------------------  -----  ---------  --------  ----------  --------------  -------------------
/opt/airflow/dags/movie_pipeline_dag.py                           0           1  0.06s           2025-07-30T20:57:59
================================================================================
[2025-07-30T20:58:54.319+0000] {manager.py:879} INFO - 
================================================================================
DAG File Processing Stats

File Path                                PID    Runtime      # DAGs    # Errors  Last Runtime    Last Run
---------------------------------------  -----  ---------  --------  ----------  --------------  -------------------
/opt/airflow/dags/movie_pipeline_dag.py                           0           1  0.06s           2025-07-30T20:58:29
================================================================================
[2025-07-30T20:59:23.802+0000] {manager.py:879} INFO - 
================================================================================
DAG File Processing Stats

File Path                                PID    Runtime      # DAGs    # Errors  Last Runtime    Last Run
---------------------------------------  -----  ---------  --------  ----------  --------------  -------------------
/opt/airflow/dags/movie_pipeline_dag.py                           0           1  0.08s           2025-07-30T20:59:00
================================================================================
[2025-07-30T20:59:53.308+0000] {manager.py:879} INFO - 
================================================================================
DAG File Processing Stats

File Path                                PID    Runtime      # DAGs    # Errors  Last Runtime    Last Run
---------------------------------------  -----  ---------  --------  ----------  --------------  -------------------
/opt/airflow/dags/movie_pipeline_dag.py                           0           1  0.10s           2025-07-30T20:59:30
================================================================================
[2025-07-30T21:00:14.784+0000] {manager.py:738} INFO - Searching for files in /opt/airflow/dags
[2025-07-30T21:00:14.787+0000] {manager.py:741} INFO - There are 1 files in /opt/airflow/dags
[2025-07-30T21:00:22.846+0000] {manager.py:879} INFO - 
================================================================================
DAG File Processing Stats

File Path                                PID    Runtime      # DAGs    # Errors  Last Runtime    Last Run
---------------------------------------  -----  ---------  --------  ----------  --------------  -------------------
/opt/airflow/dags/movie_pipeline_dag.py                           0           1  0.06s           2025-07-30T21:00:01
================================================================================
